// Jest Snapshot v1, https://goo.gl/fbAQLP

exports[`Matches GridStat component snapshot 1`] = `
Object {
  "asFragment": [Function],
  "baseElement": <body>
    <div>
      <div
        class="bg-gray-900 px-4 py-6 sm:px-6 lg:px-8"
      >
        <p
          class="text-sm font-medium leading-6 text-gray-400"
        >
          testProperty
        </p>
        <p
          class="mt-2 flex items-baseline gap-x-2"
        >
          <span
            class="text-4xl font-semibold tracking-tight text-white"
          >
            testValue
          </span>
        </p>
      </div>
    </div>
  </body>,
  "container": <div>
    <div
      class="bg-gray-900 px-4 py-6 sm:px-6 lg:px-8"
    >
      <p
        class="text-sm font-medium leading-6 text-gray-400"
      >
        testProperty
      </p>
      <p
        class="mt-2 flex items-baseline gap-x-2"
      >
        <span
          class="text-4xl font-semibold tracking-tight text-white"
        >
          testValue
        </span>
      </p>
    </div>
  </div>,
  "debug": [Function],
  "findAllByAltText": [Function],
  "findAllByDisplayValue": [Function],
  "findAllByLabelText": [Function],
  "findAllByPlaceholderText": [Function],
  "findAllByRole": [Function],
  "findAllByTestId": [Function],
  "findAllByText": [Function],
  "findAllByTitle": [Function],
  "findByAltText": [Function],
  "findByDisplayValue": [Function],
  "findByLabelText": [Function],
  "findByPlaceholderText": [Function],
  "findByRole": [Function],
  "findByTestId": [Function],
  "findByText": [Function],
  "findByTitle": [Function],
  "getAllByAltText": [Function],
  "getAllByDisplayValue": [Function],
  "getAllByLabelText": [Function],
  "getAllByPlaceholderText": [Function],
  "getAllByRole": [Function],
  "getAllByTestId": [Function],
  "getAllByText": [Function],
  "getAllByTitle": [Function],
  "getByAltText": [Function],
  "getByDisplayValue": [Function],
  "getByLabelText": [Function],
  "getByPlaceholderText": [Function],
  "getByRole": [Function],
  "getByTestId": [Function],
  "getByText": [Function],
  "getByTitle": [Function],
  "queryAllByAltText": [Function],
  "queryAllByDisplayValue": [Function],
  "queryAllByLabelText": [Function],
  "queryAllByPlaceholderText": [Function],
  "queryAllByRole": [Function],
  "queryAllByTestId": [Function],
  "queryAllByText": [Function],
  "queryAllByTitle": [Function],
  "queryByAltText": [Function],
  "queryByDisplayValue": [Function],
  "queryByLabelText": [Function],
  "queryByPlaceholderText": [Function],
  "queryByRole": [Function],
  "queryByTestId": [Function],
  "queryByText": [Function],
  "queryByTitle": [Function],
  "rerender": [Function],
  "unmount": [Function],
}
`;
